directive @external on FIELD_DEFINITION

directive @inaccessible on FIELD_DEFINITION | INTERFACE | OBJECT | UNION

directive @key(fields: String!, resolvable: Boolean) on OBJECT | INTERFACE

directive @link(url: String!, as: String, for: String, import: [link_Import!]) repeatable on SCHEMA

directive @override(from: String!) on FIELD_DEFINITION

directive @requires(fields: String!) on FIELD_DEFINITION

directive @provides(fields: String!) on FIELD_DEFINITION

directive @shareable on FIELD_DEFINITION | OBJECT

type Query {
  _: String
}

scalar link_Import
