name: User
keyFields:
    - id
    - email
fields:
    id:
        type: null
    email:
        type: null
    firstName:
        type: null
    lastName:
        type: null
