name: yoodle
keyFields:
    - id
    - email
fields: null
