data:
    episodes: [{ id: 1, title: 'A New Hope', characters: [{ id: 1, name: 'Luke Skywalker' }, { id: 2, name: 'Han Solo' }, { id: 3, name: 'Leia Skywalker' }] }, { id: 2, title: 'The Empire Strikes Back', characters: [{ id: 1, name: 'Luke Skywalker' }, { id: 2, name: 'Han Solo' }, { id: 3, name: 'Leia Skywalker' }] }, { id: 3, title: 'Return of the Jedi', characters: [{ id: 1, name: 'Luke Skywalker' }, { id: 2, name: 'Han Solo' }, { id: 3, name: 'Leia Skywalker' }] }]
