data:
    _entities: [{ id: 1, title: 'A New Hope' }]
