data:
    _service:
        sdl: "directive @key(fields: String!) on OBJECT | INTERFACE\n\ndirective @external on FIELD_DEFINITION\n\ndirective @requires(fields: String!) on FIELD_DEFINITION\n\ndirective @provides(fields: String!) on FIELD_DEFINITION\n\n\"\"\"A character in the Star Wars Trilogy\"\"\"\nextends type Character @key(fields: \"id\") {\n  id: Int! @external\n  name: String! @external\n  locations: [Location]! @requires(fields: \"name\")\n}\n\n\"\"\"A film in the Star Wars Trilogy\"\"\"\ntype Episode @key(fields: \"id\") {\n  id: Int! \n  title: String! \n  characters: [Character!]! @provides(fields: \"name\")\n}\n\n\"\"\"A location in the Star Wars Trilogy\"\"\"\nextends type Location @key(fields: \"id\") {\n  id: Int! @external\n  name: String! @external\n}\n\nextends type Query {\n  episodes: [Episode!]! \n}\n"
