directive @key(fields: String!) on OBJECT | INTERFACE

directive @external on FIELD_DEFINITION

directive @requires(fields: String!) on FIELD_DEFINITION

directive @provides(fields: String!) on FIELD_DEFINITION

type Query {
  episodes: [Episode!]!
  deprecatedEpisodes: [Episode!]! @deprecated(reason: "Because you should use the other one.")
  _service: _Service!
  _entities(representations: [_Any!]!): [_Entity]
}

"A film in the Star Wars Trilogy"
type Episode {
  id: Int!
  title: String!
  characters: [Character!]!
}

"A character in the Star Wars Trilogy"
type Character {
  id: Int!
  name: String!
  locations: [Location]!
}

"A location in the Star Wars Trilogy"
type Location {
  id: Int!
  name: String!
}

type _Service {
  sdl: String
}

scalar _Any

union _Entity = Episode | Character | Location
