data:
    _entities: [{ id: 2, title: 'The Empire Strikes Back' }]
